command -v eza >/dev/null 2>&1 && alias ls='eza --icons --git --group-directories-first'
command -v eza >/dev/null 2>&1 && alias ll='eza -lah --icons --git --group-directories-first'
command -v bat >/dev/null 2>&1 && alias cat='bat' || { command -v batcat >/dev/null 2>&1 && alias cat='batcat'; }
command -v fd >/dev/null 2>&1 && alias find='fd' || { command -v fdfind >/dev/null 2>&1 && alias find='fdfind'; }
