HISTFILE=${HISTFILE:-$HOME/.zsh_history}
HISTSIZE=50000
SAVEHIST=50000
setopt HIST_IGNORE_ALL_DUPS HIST_SAVE_NO_DUPS INC_APPEND_HISTORY SHARE_HISTORY
autoload -U up-line-or-beginning-search down-line-or-beginning-search
zle -N up-line-or-beginning-search
zle -N down-line-or-beginning-search
bindkey "^[[A" up-line-or-beginning-search
bindkey "^[[B" down-line-or-beginning-search
