omnishell  3 modules  filter: z_                                                
╭────────────────────────────╮╭────────────────────────────────────────────────╮
│ ▸ [ ] fzf                  ││ FZF Fuzzy Finder                               │
│   [ ] zshonly              ││ fzf · builtin                                  │
│                            ││                                                │
│                            ││ Ctrl+R history search                          │
│                            ││                                                │
│                            ││ Status:    disabled                            │
│                            ││ Packages:  missing                             │
│                            ││ Platforms: macos, linux                        │
│                            ││ Shells:    zsh, bash                           │
│                            ││ Options:   3                                   │
│                            ││ Homepage:  https://github.com/junegunn/fzf     │
│                            ││                                                │
│                            ││                                                │
│                            ││                                                │
│                            ││                                                │
│                            ││                                                │
╰────────────────────────────╯╰────────────────────────────────────────────────╯
type to filter · enter keep · esc cancel · ctrl+c quit                          