omnishell  0 modules · 0 changes since start                                    
╭────────────────────────────╮╭────────────────────────────────────────────────╮
│ No modules                 ││                                                │
│                            ││                                                │
│                            ││                                                │
│                            ││                                                │
│                            ││                                                │
│                            ││                                                │
│                            ││                                                │
│                            ││                                                │
│                            ││                                                │
│                            ││                                                │
│                            ││                                                │
│                            ││                                                │
│                            ││                                                │
│                            ││                                                │
│                            ││                                                │
│                            ││                                                │
╰────────────────────────────╯╰────────────────────────────────────────────────╯
↑/↓ move · space toggle · o options · a plan · / filter · esc clear · q quit    