omnishell  3 modules · 0 changes since start  filter: fz (1 shown)              
╭────────────────────────────╮╭────────────────────────────────────────────────╮
│ ▸ [ ] fzf                  ││ FZF Fuzzy Finder                               │
│                            ││ fzf · builtin                                  │
│                            ││                                                │
│                            ││ Ctrl+R history search                          │
│                            ││                                                │
│                            ││ Status:    disabled                            │
│                            ││ Packages:  missing                             │
│                            ││ Platforms: macos, linux                        │
│                            ││ Shells:    zsh, bash                           │
│                            ││ Options:   3                                   │
│                            ││ Homepage:  https://github.com/junegunn/fzf     │
│                            ││                                                │
│                            ││                                                │
│                            ││                                                │
│                            ││                                                │
│                            ││                                                │
╰────────────────────────────╯╰────────────────────────────────────────────────╯
↑/↓ move · space toggle · o options · a plan · / filter · esc clear · q quit    