omnishell  3 modules · 1 change since start                                     
╭────────────────────────────╮╭────────────────────────────────────────────────╮
│   [x] completion           ││ FZF Fuzzy Finder                               │
│ ▸ [x] fzf                  ││ fzf · builtin                                  │
│   [ ] zshonly              ││                                                │
│                            ││ Ctrl+R history search                          │
│                            ││                                                │
│                            ││ Status:    enabled                             │
│                            ││ Packages:  missing                             │
│                            ││ Platforms: macos, linux                        │
│                            ││ Shells:    zsh, bash                           │
│                            ││ Options:   3                                   │
│                            ││ Homepage:  https://github.com/junegunn/fzf     │
│                            ││                                                │
│                            ││                                                │
│                            ││                                                │
│                            ││                                                │
│                            ││                                                │
╰────────────────────────────╯╰────────────────────────────────────────────────╯
↑/↓ move · space toggle · / filter · esc clear filter · q quit                  