omnishell  3 modules · 0 changes since start                                    
╭────────────────────────────╮╭────────────────────────────────────────────────╮
│   [x] completion           ││ Zsh only                                       │
│   [ ] fzf                  ││ zshonly · user                                 │
│ ▸ [ ] zshonly              ││                                                │
│                            ││ A module for zsh alone                         │
│                            ││                                                │
│                            ││ Status:    disabled                            │
│                            ││ Packages:  n/a                                 │
│                            ││ Platforms: linux                               │
│                            ││ Shells:    zsh                                 │
│                            ││ Host:      needs zsh, but your managed shells  │
│                            ││ are bash                                       │
│                            ││ Options:   0                                   │
│                            ││ Homepage:  —                                   │
│                            ││                                                │
│                            ││                                                │
│                            ││                                                │
╰────────────────────────────╯╰────────────────────────────────────────────────╯
! module "zshonly" only supports zsh, but none of your managed shells (bash) do 