omnishell  0 modules · 0 changes since start                                    
╭────────────────────────────╮╭────────────────────────────────────────────────╮
│ No modules                 ││                                                │
│                            ││                                                │
│                            ││                                                │
│                            ││                                                │
│                            ││                                                │
│                            ││                                                │
│                            ││                                                │
│                            ││                                                │
│                            ││                                                │
│                            ││                                                │
│                            ││                                                │
│                            ││                                                │
│                            ││                                                │
│                            ││                                                │
│                            ││                                                │
│                            ││                                                │
╰────────────────────────────╯╰────────────────────────────────────────────────╯
↑/↓ move · space toggle · / filter · esc clear filter · q quit                  