omnishell  options · fzf · 0 changes since start                              
  ctrl_r                true (default)            bool                        
  extras                a,b (default)             list<string>                
  prefix                abc (default)             string                      
  retries               3 (default)               int                         
▸ theme                 dark (default)            enum                        
                                                                              
Colour theme                                                                  
Type:    enum · ←/→ changes                                                   
Value:   dark (default)                                                       
Default: dark                                                                 
Allowed: dark, light, solarized                                               
Note:    this module is not enabled; its options apply once it is             
                                                                              
                                                                              
                                                                              
                                                                              
                                                                              
                                                                              
↑/↓ move · space toggle · ←/→ change · enter edit · esc back · q quit         