omnishell  plan preview  lines 20-37 of 100               
line 020                                                  
line 021                                                  
line 022                                                  
line 023                                                  
line 024                                                  
line 025                                                  
line 026                                                  
line 027                                                  
line 028                                                  
line 029                                                  
line 030                                                  
line 031                                                  
line 032                                                  
line 033                                                  
line 034                                                  
line 035                                                  
line 036                                                  
line 037                                                  
↑/↓ scroll · y/enter continue to apply · esc back · q quit