omnishell  plan preview                                    
Plan (package manager: apt, shells: bash)                  
                                                           
0 modules                                                  
                                                           
Nothing to apply: no module or package changes are planned.
                                                           
                                                           
                                                           
                                                           
                                                           
                                                           
                                                           
                                                           
                                                           
                                                           
                                                           
                                                           
                                                           
↑/↓ scroll · esc back · q quit                             