omnishell  plan preview                                                         
Could not compute the plan: module "fzf": option ctrl_r: "yes please" is not a  
bool                                                                            
                                                                                
                                                                                
                                                                                
                                                                                
                                                                                
                                                                                
                                                                                
                                                                                
                                                                                
                                                                                
                                                                                
                                                                                
                                                                                
                                                                                
                                                                                
                                                                                
esc back · q quit                                                               