omnishell  plan preview
computing plan…        
                       
                       
                       
                       
                       
                       
                       
                       
                       
                       
                       
                       
                       
                       
                       
                       
                       
esc back · q quit      